// Vitest Snapshot v1, https://vitest.dev/guide/snapshot.html

exports[`MenuLabel > should render 1`] = `"<li class=\\"menu-label flex flex-col\\">Hello Halo</li>"`;
